<?xml version="1.0" encoding="UTF-8"?>

<rss xmlns:g="http://base.google.com/ns/1.0" version="2.0">
    <channel>
        <title>Product feed</title>
        <link>https://www.store.com/</link>
        <description>Product feed description</description>
                    <item>
                                    <g:id>1</g:id>
                                    <g:title>feedItemTitle</g:title>
                                    <g:description>feedItemDescription</g:description>
                            </item>
                    <item>
                                    <g:id>2</g:id>
                                    <g:title>feedItemTitle</g:title>
                                    <g:description>feedItemDescription</g:description>
                            </item>
                    <item>
                                    <g:id>3</g:id>
                                    <g:title>feedItemTitle</g:title>
                                    <g:description>feedItemDescription</g:description>
                            </item>
                    <item>
                                    <g:id>4</g:id>
                                    <g:title>feedItemTitle</g:title>
                                    <g:description>feedItemDescription</g:description>
                            </item>
                    <item>
                                    <g:id>5</g:id>
                                    <g:title>feedItemTitle</g:title>
                                    <g:description>feedItemDescription</g:description>
                            </item>
            </channel>
</rss>


